// Jest Snapshot v1, https://goo.gl/fbAQLP

exports[`MiniHost should render with the correct data 1`] = `
<div
  className="entryPage-miniHost-hostAvatar"
>
  <img
    alt="host-screaming"
    className="host-avatar-picture"
    onMouseEnter={[Function]}
    onMouseLeave={[Function]}
    src="happy_pic_url"
  />
  <p
    className="host-avatar-name"
  >
    Blucifer
  </p>
</div>
`;
